Modules list:
-------------
main.o:
    CODE              Offs=000000  Size=000023  Align=00001  Fill=0000
utils.o:
    CODE              Offs=000023  Size=000083  Align=00001  Fill=0000
acia.o:
    CODE              Offs=0000A6  Size=000048  Align=00001  Fill=0000
    ZEROPAGE          Offs=000000  Size=000001  Align=00001  Fill=0000
vdp_low.o:
    CODE              Offs=0000EE  Size=00005A  Align=00001  Fill=0000
    ZEROPAGE          Offs=000001  Size=000001  Align=00001  Fill=0000
vdp.o:
    CODE              Offs=000148  Size=000609  Align=00001  Fill=0000
    ZEROPAGE          Offs=000002  Size=00000F  Align=00001  Fill=0000
vdp_graph.o:
    CODE              Offs=000751  Size=000319  Align=00001  Fill=0000
    DATA              Offs=000000  Size=000110  Align=00001  Fill=0000
interrupts.o:
    CODE              Offs=000A6A  Size=00000B  Align=00001  Fill=0000
vectors.o:
    VECTORS           Offs=000000  Size=000006  Align=00001  Fill=0000
..\library\p65.lib(condes.o):
    CODE              Offs=000A75  Size=00000C  Align=00001  Fill=0000
    DATA              Offs=000110  Size=000025  Align=00001  Fill=0000
    ONCE              Offs=000000  Size=00000C  Align=00001  Fill=0000
..\library\p65.lib(copydata.o):
    CODE              Offs=000A81  Size=00002D  Align=00001  Fill=0000
..\library\p65.lib(crt0.o):
    STARTUP           Offs=000000  Size=00001C  Align=00001  Fill=0000
..\library\p65.lib(incsp2.o):
    CODE              Offs=000AAE  Size=000015  Align=00001  Fill=0000
..\library\p65.lib(ldaxsp.o):
    CODE              Offs=000AC3  Size=000009  Align=00001  Fill=0000
..\library\p65.lib(pushax.o):
    CODE              Offs=000ACC  Size=00001A  Align=00001  Fill=0000
..\library\p65.lib(zerobss.o):
    CODE              Offs=000AE6  Size=000023  Align=00001  Fill=0000
..\library\p65.lib(zeropage.o):
    ZEROPAGE          Offs=000011  Size=00001A  Align=00001  Fill=0000


Segment list:
-------------
Name                   Start     End    Size  Align
----------------------------------------------------
ZEROPAGE              000000  00002A  00002B  00001
DATA                  000200  000334  000135  00001
STARTUP               006135  006150  00001C  00001
ONCE                  006151  00615C  00000C  00001
CODE                  00615D  006C65  000B09  00001
VECTORS               007FFA  007FFF  000006  00001


Exports list by name:
---------------------
_IRQ_enable               006180 RLA    _VDP_print_char           0066BD RLA    
__BSS_RUN__               000335 RLA    __BSS_SIZE__              000000 REA    
__CONSTRUCTOR_COUNT__     000000 REA    __CONSTRUCTOR_TABLE__     006151 RLA    
__DATA_LOAD__             006000 RLA    __DATA_RUN__              000200 RLA    
__DATA_SIZE__             000135 REA    __DESTRUCTOR_COUNT__      000000 REA    
__DESTRUCTOR_TABLE__      006151 RLA    __RAM_SIZE__              005DFF REA    
__RAM_START__             000200 RLA    __STARTUP__               000001 REA    
_acia_getc                006240 RLA    _acia_init                006203 RLA    
_acia_put_newline         006238 RLA    _acia_putc                006210 RLA    
_acia_puts                00621D RLA    _format_zp                006184 RLA    
_init                     006135 RLA    _irq_int                  006BC9 RLA    
_main                     00616C RLA    _nmi_int                  006BC7 RLA    
_vdp_init                 0066A5 RLA    _vdp_rd_addr              006276 RLA    
_vdp_rd_vram              006288 RLA    _vdp_wr_addr              006267 RLA    
_vdp_wr_reg               00624B RLA    _vdp_wr_vram              006280 RLA    
copydata                  006BDE RLA    donelib                   006BD2 RLA    
gr_init_screen            0068F7 RLA    gr_put_byte               006B18 RLA    
gr_set_cur                0069A3 RLA    incsp2                    006C12 RLA    
init_vdp_txt              0067E5 RLA    initlib                   006151 RLA    
ldax0sp                   006C20 RLA    ptr1                      000019 RLZ    
ptr2                      00001B RLZ    pushax                    006C2D RLA    
sp                        000011 RLZ    tmp1                      000021 RLZ    
tmp2                      000022 RLZ    tmp3                      000023 RLZ    
tmp4                      000024 RLZ    tmpstack                  000000 RLZ    
vdp_addr_nme              000005 RLZ    vdp_delay                 000001 RLZ    
vdp_peek                  00629C RLA    vdp_poke                  006290 RLA    
zerobss                   006C43 RLA    


Exports list by value:
----------------------
__BSS_SIZE__              000000 REA    __DESTRUCTOR_COUNT__      000000 REA    
tmpstack                  000000 RLZ    __CONSTRUCTOR_COUNT__     000000 REA    
vdp_delay                 000001 RLZ    __STARTUP__               000001 REA    
vdp_addr_nme              000005 RLZ    sp                        000011 RLZ    
ptr1                      000019 RLZ    ptr2                      00001B RLZ    
tmp1                      000021 RLZ    tmp2                      000022 RLZ    
tmp3                      000023 RLZ    tmp4                      000024 RLZ    
__DATA_SIZE__             000135 REA    __DATA_RUN__              000200 RLA    
__RAM_START__             000200 RLA    __BSS_RUN__               000335 RLA    
__RAM_SIZE__              005DFF REA    __DATA_LOAD__             006000 RLA    
_init                     006135 RLA    __CONSTRUCTOR_TABLE__     006151 RLA    
__DESTRUCTOR_TABLE__      006151 RLA    initlib                   006151 RLA    
_main                     00616C RLA    _IRQ_enable               006180 RLA    
_format_zp                006184 RLA    _acia_init                006203 RLA    
_acia_putc                006210 RLA    _acia_puts                00621D RLA    
_acia_put_newline         006238 RLA    _acia_getc                006240 RLA    
_vdp_wr_reg               00624B RLA    _vdp_wr_addr              006267 RLA    
_vdp_rd_addr              006276 RLA    _vdp_wr_vram              006280 RLA    
_vdp_rd_vram              006288 RLA    vdp_poke                  006290 RLA    
vdp_peek                  00629C RLA    _vdp_init                 0066A5 RLA    
_VDP_print_char           0066BD RLA    init_vdp_txt              0067E5 RLA    
gr_init_screen            0068F7 RLA    gr_set_cur                0069A3 RLA    
gr_put_byte               006B18 RLA    _nmi_int                  006BC7 RLA    
_irq_int                  006BC9 RLA    donelib                   006BD2 RLA    
copydata                  006BDE RLA    incsp2                    006C12 RLA    
ldax0sp                   006C20 RLA    pushax                    006C2D RLA    
zerobss                   006C43 RLA    


Imports list:
-------------
_IRQ_enable (utils.o):
    main.o                    main.s(18)
_VDP_print_char (vdp.o):
    main.o                    main.s(21)
__BSS_RUN__ ([linker generated]):
    zerobss.o                 common/zerobss.s(8)
__BSS_SIZE__ ([linker generated]):
    zerobss.o                 common/zerobss.s(8)
__CONSTRUCTOR_COUNT__ ([linker generated]):
    condes.o                  runtime/condes.s(18)
__CONSTRUCTOR_TABLE__ ([linker generated]):
    condes.o                  runtime/condes.s(18)
__DATA_LOAD__ ([linker generated]):
    copydata.o                common/copydata.s(8)
__DATA_RUN__ ([linker generated]):
    copydata.o                common/copydata.s(8)
__DATA_SIZE__ ([linker generated]):
    copydata.o                common/copydata.s(8)
__DESTRUCTOR_COUNT__ ([linker generated]):
    condes.o                  runtime/condes.s(19)
__DESTRUCTOR_TABLE__ ([linker generated]):
    condes.o                  runtime/condes.s(19)
__RAM_SIZE__ ([linker generated]):
    crt0.o                    .\src\crt0.s(11)
__RAM_START__ ([linker generated]):
    crt0.o                    .\src\crt0.s(11)
__STARTUP__ (crt0.o):
    main.o                    main.s(13)
_acia_getc (acia.o):
    utils.o                   utils.asm(124)
    main.o                    main.s(17)
_acia_init (acia.o):
    main.o                    main.s(14)
_acia_put_newline (acia.o):
    main.o                    main.s(16)
_acia_putc (acia.o):
    interrupts.o              interrupts.asm(11)
_acia_puts (acia.o):
    main.o                    main.s(15)
_format_zp (utils.o):
    main.o                    main.s(19)
_init (crt0.o):
    vectors.o                 vectors.asm(7)
_irq_int (interrupts.o):
    vectors.o                 vectors.asm(9)
_main (main.o):
    crt0.o                    .\src\crt0.s(8)
_nmi_int (interrupts.o):
    vectors.o                 vectors.asm(8)
_vdp_init (vdp.o):
    main.o                    main.s(20)
_vdp_rd_addr (vdp_low.o):
    vdp_graph.o               vdp_graph.asm(625)
_vdp_rd_vram (vdp_low.o):
    vdp_graph.o               vdp_graph.asm(625)
_vdp_wr_addr (vdp_low.o):
    vdp_graph.o               vdp_graph.asm(625)
    vdp.o                     vdp.asm(513)
_vdp_wr_reg (vdp_low.o):
    vdp.o                     vdp.asm(513)
_vdp_wr_vram (vdp_low.o):
    vdp_graph.o               vdp_graph.asm(625)
    vdp.o                     vdp.asm(513)
copydata (copydata.o):
    crt0.o                    .\src\crt0.s(13)
donelib (condes.o):
    crt0.o                    .\src\crt0.s(13)
gr_init_screen (vdp_graph.o):
    vdp.o                     vdp.asm(513)
gr_put_byte (vdp_graph.o):
    vdp.o                     vdp.asm(513)
gr_set_cur (vdp_graph.o):
    vdp.o                     vdp.asm(513)
incsp2 (incsp2.o):
    main.o                    main.s(62)
init_vdp_txt (vdp.o):
    vdp_graph.o               vdp_graph.asm(625)
initlib (condes.o):
    crt0.o                    .\src\crt0.s(13)
ldax0sp (ldaxsp.o):
    main.o                    main.s(62)
ptr1 (zeropage.o):
    copydata.o                common/copydata.s(9)
    zerobss.o                 common/zerobss.s(9)
    vdp_graph.o               vdp_graph.asm(13)
    acia.o                    acia.asm(9)
    utils.o                   utils.asm(12)
ptr2 (zeropage.o):
    copydata.o                common/copydata.s(9)
pushax (pushax.o):
    main.o                    main.s(62)
sp (zeropage.o):
    pushax.o                  runtime/pushax.s(8)
    ldaxsp.o                  runtime/ldaxsp.s(8)
    incsp2.o                  runtime/incsp2.s(8)
    crt0.o                    C:\cc65\asminc/zeropage.inc(11)
tmp1 (zeropage.o):
    copydata.o                common/copydata.s(9)
    vdp_graph.o               vdp_graph.asm(13)
    vdp.o                     vdp.asm(25)
tmp2 (zeropage.o):
    vdp_graph.o               vdp_graph.asm(13)
    vdp.o                     vdp.asm(25)
tmp3 (zeropage.o):
    vdp_graph.o               vdp_graph.asm(13)
    vdp.o                     vdp.asm(25)
tmp4 (zeropage.o):
    vdp_graph.o               vdp_graph.asm(13)
tmpstack (acia.o):
    vdp_graph.o               vdp_graph.asm(12)
vdp_addr_nme (vdp.o):
    vdp_graph.o               vdp_graph.asm(12)
vdp_delay (vdp_low.o):
    vdp.o                     vdp.asm(24)
vdp_peek (vdp_low.o):
    vdp_graph.o               vdp_graph.asm(625)
vdp_poke (vdp_low.o):
    vdp_graph.o               vdp_graph.asm(625)
zerobss (zerobss.o):
    crt0.o                    .\src\crt0.s(13)

