Modules list:
-------------
main.o:
    CODE              Offs=000000  Size=000074  Align=00001  Fill=0000
utils.o:
    CODE              Offs=000074  Size=000069  Align=00001  Fill=0000
acia.o:
    CODE              Offs=0000DD  Size=000048  Align=00001  Fill=0000
    ZEROPAGE          Offs=000000  Size=000001  Align=00001  Fill=0000
vdp_low.o:
    CODE              Offs=000125  Size=000063  Align=00001  Fill=0000
    ZEROPAGE          Offs=000001  Size=000001  Align=00001  Fill=0000
vdp.o:
    CODE              Offs=000188  Size=000035  Align=00001  Fill=0000
    ZEROPAGE          Offs=000002  Size=000008  Align=00001  Fill=0000
interrupts.o:
    CODE              Offs=0001BD  Size=00000E  Align=00001  Fill=0000
vectors.o:
    VECTORS           Offs=000000  Size=000006  Align=00001  Fill=0000
..\library\p65.lib(addeqsp.o):
    CODE              Offs=0001CB  Size=000011  Align=00001  Fill=0000
..\library\p65.lib(addysp.o):
    CODE              Offs=0001DC  Size=00000E  Align=00001  Fill=0000
..\library\p65.lib(aslax2.o):
    CODE              Offs=0001EA  Size=00000B  Align=00001  Fill=0000
..\library\p65.lib(condes.o):
    CODE              Offs=0001F5  Size=00000C  Align=00001  Fill=0000
    DATA              Offs=000000  Size=000025  Align=00001  Fill=0000
    ONCE              Offs=000000  Size=00000C  Align=00001  Fill=0000
..\library\p65.lib(copydata.o):
    CODE              Offs=000201  Size=00002D  Align=00001  Fill=0000
..\library\p65.lib(crt0.o):
    STARTUP           Offs=000000  Size=00001C  Align=00001  Fill=0000
..\library\p65.lib(decsp3.o):
    CODE              Offs=00022E  Size=00000D  Align=00001  Fill=0000
..\library\p65.lib(incsp1.o):
    CODE              Offs=00023B  Size=000007  Align=00001  Fill=0000
..\library\p65.lib(incsp2.o):
    CODE              Offs=000242  Size=000015  Align=00001  Fill=0000
..\library\p65.lib(incsp3.o):
    CODE              Offs=000257  Size=000005  Align=00001  Fill=0000
..\library\p65.lib(ldaxsp.o):
    CODE              Offs=00025C  Size=000009  Align=00001  Fill=0000
..\library\p65.lib(pusha.o):
    CODE              Offs=000265  Size=000016  Align=00001  Fill=0000
..\library\p65.lib(pushax.o):
    CODE              Offs=00027B  Size=00001A  Align=00001  Fill=0000
..\library\p65.lib(staxsp.o):
    CODE              Offs=000295  Size=00000B  Align=00001  Fill=0000
..\library\p65.lib(zerobss.o):
    CODE              Offs=0002A0  Size=000023  Align=00001  Fill=0000
..\library\p65.lib(zeropage.o):
    ZEROPAGE          Offs=00000A  Size=00001A  Align=00001  Fill=0000


Segment list:
-------------
Name                   Start     End    Size  Align
----------------------------------------------------
ZEROPAGE              000000  000023  000024  00001
DATA                  000200  000224  000025  00001
STARTUP               006025  006040  00001C  00001
ONCE                  006041  00604C  00000C  00001
CODE                  00604D  00630F  0002C3  00001
VECTORS               007FFA  007FFF  000006  00001


Exports list by name:
---------------------
__BSS_RUN__               000225 RLA    __BSS_SIZE__              000000 REA    
__CONSTRUCTOR_COUNT__     000000 REA    __CONSTRUCTOR_TABLE__     006041 RLA    
__DATA_LOAD__             006000 RLA    __DATA_RUN__              000200 RLA    
__DATA_SIZE__             000025 REA    __DESTRUCTOR_COUNT__      000000 REA    
__DESTRUCTOR_TABLE__      006041 RLA    __RAM_SIZE__              005DFF REA    
__RAM_START__             000200 RLA    __STARTUP__               000001 REA    
_acia_getc                006167 RLA    _acia_put_newline         00615F RLA    
_acia_putc                006137 RLA    _acia_puts                006144 RLA    
_init                     006025 RLA    _irq_int                  00620C RLA    
_main                     00607A RLA    _nmi_int                  00620A RLA    
_vdp_fill                 0061F5 RLA    _vdp_init                 0061D5 RLA    
_vdp_wr_addr              0061BE RLA    _vdp_wr_reg               006172 RLA    
_vdp_wr_vram_data         0061CD RLA    addeqysp                  00621A RLA    
addysp                    00622A RLA    aslax2                    006237 RLA    
copydata                  00624E RLA    decsp3                    00627B RLA    
donelib                   006242 RLA    incsp1                    006288 RLA    
incsp2                    006296 RLA    incsp3                    0062A4 RLA    
initlib                   006041 RLA    ldax0sp                   0062A9 RLA    
ldaxysp                   0062AB RLA    ptr1                      000012 RLZ    
ptr2                      000014 RLZ    pusha                     0062B6 RLA    
pushax                    0062CC RLA    sp                        00000A RLZ    
staxysp                   0062E4 RLA    tmp1                      00001A RLZ    
zerobss                   0062ED RLA    


Exports list by value:
----------------------
__CONSTRUCTOR_COUNT__     000000 REA    __DESTRUCTOR_COUNT__      000000 REA    
__BSS_SIZE__              000000 REA    __STARTUP__               000001 REA    
sp                        00000A RLZ    ptr1                      000012 RLZ    
ptr2                      000014 RLZ    tmp1                      00001A RLZ    
__DATA_SIZE__             000025 REA    __DATA_RUN__              000200 RLA    
__RAM_START__             000200 RLA    __BSS_RUN__               000225 RLA    
__RAM_SIZE__              005DFF REA    __DATA_LOAD__             006000 RLA    
_init                     006025 RLA    initlib                   006041 RLA    
__DESTRUCTOR_TABLE__      006041 RLA    __CONSTRUCTOR_TABLE__     006041 RLA    
_main                     00607A RLA    _acia_putc                006137 RLA    
_acia_puts                006144 RLA    _acia_put_newline         00615F RLA    
_acia_getc                006167 RLA    _vdp_wr_reg               006172 RLA    
_vdp_wr_addr              0061BE RLA    _vdp_wr_vram_data         0061CD RLA    
_vdp_init                 0061D5 RLA    _vdp_fill                 0061F5 RLA    
_nmi_int                  00620A RLA    _irq_int                  00620C RLA    
addeqysp                  00621A RLA    addysp                    00622A RLA    
aslax2                    006237 RLA    donelib                   006242 RLA    
copydata                  00624E RLA    decsp3                    00627B RLA    
incsp1                    006288 RLA    incsp2                    006296 RLA    
incsp3                    0062A4 RLA    ldax0sp                   0062A9 RLA    
ldaxysp                   0062AB RLA    pusha                     0062B6 RLA    
pushax                    0062CC RLA    staxysp                   0062E4 RLA    
zerobss                   0062ED RLA    


Imports list:
-------------
__BSS_RUN__ ([linker generated]):
    zerobss.o                 common/zerobss.s(8)
__BSS_SIZE__ ([linker generated]):
    zerobss.o                 common/zerobss.s(8)
__CONSTRUCTOR_COUNT__ ([linker generated]):
    condes.o                  runtime/condes.s(18)
__CONSTRUCTOR_TABLE__ ([linker generated]):
    condes.o                  runtime/condes.s(18)
__DATA_LOAD__ ([linker generated]):
    copydata.o                common/copydata.s(8)
__DATA_RUN__ ([linker generated]):
    copydata.o                common/copydata.s(8)
__DATA_SIZE__ ([linker generated]):
    copydata.o                common/copydata.s(8)
__DESTRUCTOR_COUNT__ ([linker generated]):
    condes.o                  runtime/condes.s(19)
__DESTRUCTOR_TABLE__ ([linker generated]):
    condes.o                  runtime/condes.s(19)
__RAM_SIZE__ ([linker generated]):
    crt0.o                    .\src\crt0.s(11)
__RAM_START__ ([linker generated]):
    crt0.o                    .\src\crt0.s(11)
__STARTUP__ (crt0.o):
    main.o                    main.s(13)
_acia_getc (acia.o):
    utils.o                   utils.asm(99)
    main.o                    main.s(16)
_acia_put_newline (acia.o):
    main.o                    main.s(15)
_acia_putc (acia.o):
    interrupts.o              interrupts.asm(11)
_acia_puts (acia.o):
    main.o                    main.s(14)
_init (crt0.o):
    vectors.o                 vectors.asm(7)
_irq_int (interrupts.o):
    vectors.o                 vectors.asm(9)
_main (main.o):
    crt0.o                    .\src\crt0.s(8)
_nmi_int (interrupts.o):
    vectors.o                 vectors.asm(8)
_vdp_fill (vdp.o):
    main.o                    main.s(19)
_vdp_init (vdp.o):
    main.o                    main.s(18)
_vdp_wr_addr (vdp_low.o):
    vdp.o                     vdp.asm(67)
_vdp_wr_reg (vdp_low.o):
    main.o                    main.s(17)
_vdp_wr_vram_data (vdp_low.o):
    vdp.o                     vdp.asm(67)
addeqysp (addeqsp.o):
    main.o                    main.s(125)
addysp (addysp.o):
    incsp3.o                  runtime/incsp3.s(8)
aslax2 (aslax2.o):
    main.o                    main.s(125)
copydata (copydata.o):
    crt0.o                    .\src\crt0.s(13)
decsp3 (decsp3.o):
    main.o                    main.s(125)
donelib (condes.o):
    crt0.o                    .\src\crt0.s(13)
incsp1 (incsp1.o):
    vdp_low.o                 vdp_low.asm(131)
    main.o                    main.s(125)
incsp2 (incsp2.o):
    main.o                    main.s(125)
    main.o                    main.s(125)
incsp3 (incsp3.o):
    vdp_low.o                 vdp_low.asm(131)
initlib (condes.o):
    crt0.o                    .\src\crt0.s(13)
ldax0sp (ldaxsp.o):
    main.o                    main.s(125)
    main.o                    main.s(125)
ldaxysp (ldaxsp.o):
    main.o                    main.s(125)
ptr1 (zeropage.o):
    copydata.o                common/copydata.s(9)
    zerobss.o                 common/zerobss.s(9)
    acia.o                    acia.asm(9)
    utils.o                   utils.asm(12)
ptr2 (zeropage.o):
    copydata.o                common/copydata.s(9)
pusha (pusha.o):
    vdp_low.o                 vdp_low.asm(131)
    main.o                    main.s(125)
    main.o                    main.s(125)
pushax (pushax.o):
    main.o                    main.s(125)
    main.o                    main.s(125)
sp (zeropage.o):
    addysp.o                  runtime/addysp.s(8)
    staxsp.o                  runtime/staxsp.s(8)
    pushax.o                  runtime/pushax.s(8)
    pusha.o                   runtime/pusha.s(8)
    ldaxsp.o                  runtime/ldaxsp.s(8)
    incsp2.o                  runtime/incsp2.s(8)
    incsp1.o                  runtime/incsp1.s(8)
    decsp3.o                  runtime/decsp3.s(8)
    crt0.o                    C:\cc65\asminc/zeropage.inc(11)
    addeqsp.o                 runtime/addeqsp.s(8)
    vdp_low.o                 vdp_low.asm(21)
    main.o                    main.s(10)
staxysp (staxsp.o):
    main.o                    main.s(125)
tmp1 (zeropage.o):
    copydata.o                common/copydata.s(9)
    aslax2.o                  runtime/aslax2.s(8)
zerobss (zerobss.o):
    crt0.o                    .\src\crt0.s(13)

