Modules list:
-------------
vdp_low.o:
    CODE              Offs=000000  Size=000035  Align=00001  Fill=0000
    ZEROPAGE          Offs=000000  Size=000001  Align=00001  Fill=0000
vdp.o:
    CODE              Offs=000035  Size=000164  Align=00001  Fill=0000
    ZEROPAGE          Offs=000001  Size=00000F  Align=00001  Fill=0000
interrupts.o:
    CODE              Offs=000199  Size=000006  Align=00001  Fill=0000
vectors.o:
    VECTORS           Offs=000000  Size=000006  Align=00001  Fill=0000


Segment list:
-------------
Name                   Start     End    Size  Align
----------------------------------------------------
ZEROPAGE              000000  00000F  000010  00001
CODE                  006000  00619E  00019F  00001
VECTORS               007FFA  007FFF  000006  00001


Exports list by name:
---------------------
_init                     006035 RLA    _irq_int                  00619B RLA    
_nmi_int                  006199 RLA    _vdp_wr_addr              00601C RLA    
_vdp_wr_reg               006000 RLA    _vdp_wr_vram              00602B RLA    
vdp_delay                 000000 RLZ    


Exports list by value:
----------------------
vdp_delay                 000000 RLZ    _vdp_wr_reg               006000 RLA    
_vdp_wr_addr              00601C RLA    _vdp_wr_vram              00602B RLA    
_init                     006035 RLA    _nmi_int                  006199 RLA    
_irq_int                  00619B RLA    


Imports list:
-------------
_init (vdp.o):
    vectors.o                 vectors.asm(7)
_irq_int (interrupts.o):
    vectors.o                 vectors.asm(9)
_nmi_int (interrupts.o):
    vectors.o                 vectors.asm(8)
_vdp_wr_addr (vdp_low.o):
    vdp.o                     vdp.asm(260)
_vdp_wr_reg (vdp_low.o):
    vdp.o                     vdp.asm(260)
_vdp_wr_vram (vdp_low.o):
    vdp.o                     vdp.asm(260)
vdp_delay (vdp_low.o):
    vdp.o                     vdp.asm(24)

